yutaro@YUTAROnoMacBook-Air ~ % ls
Desktop         Downloads       Movies          Pictures        local
Documents       Library         Music           Public
yutaro@YUTAROnoMacBook-Air ~ % cd local/samurai/
yutaro@YUTAROnoMacBook-Air samurai % ls
git_tutorial
yutaro@YUTAROnoMacBook-Air samurai % mkdir git_challenge
yutaro@YUTAROnoMacBook-Air samurai % ls
git_challenge   git_tutorial
yutaro@YUTAROnoMacBook-Air samurai % cd git_challenge 
yutaro@YUTAROnoMacBook-Air git_challenge % echo >> hello_world.txt
yutaro@YUTAROnoMacBook-Air git_challenge % ls
hello_world.txt
yutaro@YUTAROnoMacBook-Air git_challenge % cd ../
yutaro@YUTAROnoMacBook-Air samurai % cd git_challenge 
yutaro@YUTAROnoMacBook-Air git_challenge % git init
Initialized empty Git repository in /Users/yutaro/local/samurai/git_challenge/.git/
yutaro@YUTAROnoMacBook-Air git_challenge % ls -as
total 8
0 .                     0 ..                    0 .git                  8 hello_world.txt
yutaro@YUTAROnoMacBook-Air git_challenge % ls -la
total 8
drwxr-xr-x@ 4 yutaro  staff  128 11 14 13:00 .
drwxr-xr-x@ 5 yutaro  staff  160 11 14 12:57 ..
drwxr-xr-x@ 9 yutaro  staff  288 11 14 13:00 .git
-rw-r--r--@ 1 yutaro  staff    1 11 14 12:59 hello_world.txt
yutaro@YUTAROnoMacBook-Air git_challenge % echo "Hello,world" >> hello_world.txt 
yutaro@YUTAROnoMacBook-Air git_challenge % git status
On branch main

No commits yet

Untracked files:
  (use "git add <file>..." to include in what will be committed)
        hello_world.txt

nothing added to commit but untracked files present (use "git add" to track)
yutaro@YUTAROnoMacBook-Air git_challenge % git add hello_world.txt 
yutaro@YUTAROnoMacBook-Air git_challenge % git status
On branch main

No commits yet

Changes to be committed:
  (use "git rm --cached <file>..." to unstage)
        new file:   hello_world.txt

yutaro@YUTAROnoMacBook-Air git_challenge % git diff hello_world.txt 
yutaro@YUTAROnoMacBook-Air git_challenge % git commit -m "hello_world.txtを新たにコミット"
[main (root-commit) c9b47b1] hello_world.txtを新たにコミット
 1 file changed, 2 insertions(+)
 create mode 100644 hello_world.txt
yutaro@YUTAROnoMacBook-Air git_challenge % git status
On branch main
nothing to commit, working tree clean
yutaro@YUTAROnoMacBook-Air git_challenge % git log
commit c9b47b1b73e3d27daea97259b9a9e77b89474047 (HEAD -> main)
Author: YUTAROOOOOO <xxx.uzoo.xxx@icloud.com>
Date:   Thu Nov 14 13:06:55 2024 +0900

    hello_world.txtを新たにコミット
yutaro@YUTAROnoMacBook-Air git_challenge % git log --oneline
c9b47b1 (HEAD -> main) hello_world.txtを新たにコミット
yutaro@YUTAROnoMacBook-Air git_challenge % echo "こんにちは、世界！" hello_world.txt 
こんにちは、世界！ hello_world.txt
yutaro@YUTAROnoMacBook-Air git_challenge % git diff hello_world.txt 
yutaro@YUTAROnoMacBook-Air git_challenge % git status
On branch main
nothing to commit, working tree clean
yutaro@YUTAROnoMacBook-Air git_challenge % echo "こんにちは、世界！" >> hello_world.txt 
yutaro@YUTAROnoMacBook-Air git_challenge % git status
On branch main
Changes not staged for commit:
  (use "git add <file>..." to update what will be committed)
  (use "git restore <file>..." to discard changes in working directory)
        modified:   hello_world.txt

no changes added to commit (use "git add" and/or "git commit -a")
yutaro@YUTAROnoMacBook-Air git_challenge % git diff hello_world.txt 
diff --git a/hello_world.txt b/hello_world.txt
index 661f437..df4161b 100644
--- a/hello_world.txt
+++ b/hello_world.txt
@@ -1,2 +1,3 @@
-
+Git status
 Hello,world
+こんにちは、世界！
yutaro@YUTAROnoMacBook-Air git_challenge % git diff --stages
error: invalid option: --stages
usage: git diff [<options>] [<commit>] [--] [<path>...]
   or: git diff [<options>] --cached [--merge-base] [<commit>] [--] [<path>...]
   or: git diff [<options>] [--merge-base] <commit> [<commit>...] <commit> [--] [<path>...]
   or: git diff [<options>] <commit>...<commit> [--] [<path>...]
   or: git diff [<options>] <blob> <blob>
   or: git diff [<options>] --no-index [--] <path> <path>

common diff options:
  -z            output diff-raw with lines terminated with NUL.
  -p            output patch format.
  -u            synonym for -p.
  --patch-with-raw
                output both a patch and the diff-raw format.
  --stat        show diffstat instead of patch.
  --numstat     show numeric diffstat instead of patch.
  --patch-with-stat
                output a patch and prepend its diffstat.
  --name-only   show only names of changed files.
  --name-status show names and status of changed files.
  --full-index  show full object name on index lines.
  --abbrev=<n>  abbreviate object names in diff-tree header and diff-raw.
  -R            swap input file pairs.
  -B            detect complete rewrites.
  -M            detect renames.
  -C            detect copies.
  --find-copies-harder
                try unchanged files as candidate for copy detection.
  -l<n>         limit rename attempts up to <n> paths.
  -O<file>      reorder diffs according to the <file>.
  -S<string>    find filepair whose only one side contains the string.
  --pickaxe-all
                show all files diff when -S is used and hit is found.
  -a  --text    treat all files as text.

yutaro@YUTAROnoMacBook-Air git_challenge % git add hello_world.txt 
yutaro@YUTAROnoMacBook-Air git_challenge % git status
On branch main
Changes to be committed:
  (use "git restore --staged <file>..." to unstage)
        modified:   hello_world.txt

yutaro@YUTAROnoMacBook-Air git_challenge % git commit -m "hello_world.txtを追加"
[main 6d5b53c] hello_world.txtを追加
 1 file changed, 2 insertions(+), 1 deletion(-)
yutaro@YUTAROnoMacBook-Air git_challenge % git status
On branch main
nothing to commit, working tree clean
yutaro@YUTAROnoMacBook-Air git_challenge % git log
commit 6d5b53ca6a5a83132872cddb4d0447ce94ed59c7 (HEAD -> main)
Author: YUTAROOOOOO <xxx.uzoo.xxx@icloud.com>
Date:   Thu Nov 14 13:16:43 2024 +0900

    hello_world.txtを追加

commit c9b47b1b73e3d27daea97259b9a9e77b89474047
Author: YUTAROOOOOO <xxx.uzoo.xxx@icloud.com>
Date:   Thu Nov 14 13:06:55 2024 +0900

    hello_world.txtを新たにコミット
yutaro@YUTAROnoMacBook-Air git_challenge % 